START 2026-10-05T09:11:51Z
COMMAND: lake env lean ExactRadiusAxiomAudit.lean
'TargetA.residueZero_mod' depends on axioms: [propext]
'TargetA.residueZero_even' depends on axioms: [propext]
'TargetA.residueZero_admissible' depends on axioms: [propext, Classical.choice, Quot.sound]
'TargetA.dft_cellTranslation' depends on axioms: [propext, Classical.choice, Quot.sound]
'TargetA.stdAddChar_pow_modulus' depends on axioms: [propext, Classical.choice, Quot.sound]
'TargetA.cell_reindex_forward' depends on axioms: [propext, Quot.sound]
'TargetA.cell_reindex_unindex' depends on axioms: [propext, Quot.sound]
'TargetA.cell_unindex_next_one_interior' depends on axioms: [propext, Classical.choice, Quot.sound]
'TargetA.cell_unindex_next_two_interior' depends on axioms: [propext, Classical.choice, Quot.sound]
'TargetA.cell_unindex_next_one_seam' depends on axioms: [propext, Quot.sound]
'TargetA.cell_unindex_next_two_seam_six' depends on axioms: [propext, Quot.sound]
'TargetA.cell_unindex_next_two_seam_seven' depends on axioms: [propext, Classical.choice, Quot.sound]
'TargetA.cell_unindex_next_one' depends on axioms: [propext, Classical.choice, Quot.sound]
'TargetA.cell_unindex_next_two' depends on axioms: [propext, Classical.choice, Quot.sound]
'TargetA.period8_forward_reindex_action' depends on axioms: [propext, Classical.choice, Quot.sound]
'TargetA.period8_forward_reindex_actionC' depends on axioms: [propext, Classical.choice, Quot.sound]
'TargetA.zmod_finEquiv_eq_natCast' depends on axioms: [propext, Quot.sound]
'TargetA.zmod_finEquiv_cyclic_next' depends on axioms: [propext, Quot.sound]
'TargetA.zmod_finEquiv_cyclic_prev' depends on axioms: [propext, Classical.choice, Quot.sound]
'TargetA.cell_zmod_reindex_residue' depends on axioms: [propext, Quot.sound]
'TargetA.cyclic_next_prev' depends on axioms: [propext, Classical.choice, Quot.sound]
'TargetA.cyclic_prev_next' depends on axioms: [propext, Classical.choice, Quot.sound]
'TargetA.cyclic_next_eq_iff' depends on axioms: [propext, Classical.choice, Quot.sound]
'TargetA.hamilton_gauge_matrix_eq_forward_add_transpose' depends on axioms: [propext, Quot.sound]
'TargetA.hamilton_gauge_forward_matrix_mulVec' depends on axioms: [propext, Classical.choice, Quot.sound]
'TargetA.hamilton_gauge_forward_matrixC_mulVec' depends on axioms: [propext, Classical.choice, Quot.sound]
'TargetA.hamilton_gauge_matrix_symmetric' depends on axioms: [propext, Quot.sound]
'TargetA.hamilton_gauge_matrix_zero_of_not_neighbour' depends on axioms: [propext]
'TargetA.cyclic_next_one_ne_self' depends on axioms: [propext, Quot.sound]
'TargetA.cyclic_next_two_ne_self' depends on axioms: [propext, Quot.sound]
'TargetA.cyclic_next_one_then_one' depends on axioms: [propext]
'TargetA.cyclic_next_one_ne_two' depends on axioms: [propext, Quot.sound]
'TargetA.hamilton_gauge_matrix_diagonal_zero' depends on axioms: [propext, Quot.sound]
'TargetA.period_eight_value_is_sign' depends on axioms: [propext, Quot.sound]
'TargetA.forward_step_one_is_sign' depends on axioms: [propext]
'TargetA.forward_step_two_is_sign' depends on axioms: [propext]
'TargetA.forward_step_one_periodic_holonomy' depends on axioms: [propext]
'TargetA.forward_step_two_periodic_holonomy' depends on axioms: [propext]
'TargetA.period_eight_repeat' depends on axioms: [propext, Quot.sound]
'TargetA.period8_target_lift_cell_value' depends on axioms: [propext, Quot.sound]
'TargetA.period8_target_tau_is_sign' depends on axioms: [propext, Classical.choice, Quot.sound]
'TargetA.period8_target_lift_is_sign' depends on axioms: [propext, Classical.choice, Quot.sound]
'TargetA.period8_target_lift_periodic' depends on axioms: [propext, Quot.sound]
'TargetA.period8_target_step_two_is_sign' depends on axioms: [propext, Classical.choice, Quot.sound]
'TargetA.period8_target_step_one_is_sign' depends on axioms: [propext]
'TargetA.period8_target_matrix_symmetric' depends on axioms: [propext, Quot.sound]
'TargetA.period8_target_matrix_isHermitian' depends on axioms: [propext, Classical.choice, Quot.sound]
'TargetA.period8_target_matrix_diagonal_zero' depends on axioms: [propext, Quot.sound]
'TargetA.step_one_cut_rule' does not depend on any axioms
'TargetA.step_two_cut_rule' depends on axioms: [propext]
'TargetA.step_one_no_cut' depends on axioms: [propext]
'TargetA.step_one_cut' depends on axioms: [propext]
'TargetA.step_two_no_cut' depends on axioms: [propext]
'TargetA.step_two_cut' depends on axioms: [propext]
'TargetA.period_eight_fits_multiple' depends on axioms: [propext]
'TargetA.period8_raw_to_cell_injective' depends on axioms: [propext, Classical.choice, Quot.sound]
'TargetA.period8_raw_to_cell_intertwines' depends on axioms: [propext, Classical.choice, Quot.sound]
'TargetA.zmod_finEquiv_cyclic_step' depends on axioms: [propext, Quot.sound]
'TargetA.period8_double_cell_shift_unindex' depends on axioms: [propext, Quot.sound]
'TargetA.period8_raw_half_shift_to_cell_antiperiodic' depends on axioms: [propext, Classical.choice, Quot.sound]
'TargetA.period8_double_cover_antisector_eigen_square_lt_edge' depends on axioms: [propext,
 Classical.choice,
 Quot.sound]
'TargetA.period8_antiperiodic_parameter_re_lt_two' depends on axioms: [propext, Classical.choice, Quot.sound]
'TargetA.period8_antiperiodic_holonomy_root_lt_edge' depends on axioms: [propext, Classical.choice, Quot.sound]
'TargetA.period8_antiperiodic_fiber_eigen_square_lt_edge' depends on axioms: [propext, Classical.choice, Quot.sound]
'TargetA.period8_antiperiodic_nonzero_dft_holonomy' depends on axioms: [propext, Classical.choice, Quot.sound]
'TargetA.period8_antiperiodic_cell_eigen_square_lt_edge' depends on axioms: [propext, Classical.choice, Quot.sound]
'TargetA.period8_intra_as_forward_add_transpose' depends on axioms: [propext, Classical.choice, Quot.sound]
'TargetA.period8_backward_is_forward_transpose' depends on axioms: [propext, Classical.choice, Quot.sound]
'TargetA.period8_cell_action_fin_eq_forward_add_backward' depends on axioms: [propext, Classical.choice, Quot.sound]
'TargetA.period8_forward_cell_operator_fin_apply' depends on axioms: [propext, Classical.choice, Quot.sound]
'TargetA.period8_forward_reindex_actionC_eq_cell_operator' depends on axioms: [propext, Classical.choice, Quot.sound]
'TargetA.period8_forward_cell_matrix_fin_mulVec' depends on axioms: [propext, Classical.choice, Quot.sound]
'TargetA.period8_forward_cell_matrix_fin_transpose_mulVec' depends on axioms: [propext, Classical.choice, Quot.sound]
'TargetA.period8_cell_matrix_fin_mulVec' depends on axioms: [propext, Classical.choice, Quot.sound]
'TargetA.period8_reindexed_forward_matrix_mulVec' depends on axioms: [propext, Classical.choice, Quot.sound]
'TargetA.period8_reindexed_forward_matrix_eq_cell_matrix' depends on axioms: [propext, Classical.choice, Quot.sound]
'TargetA.period8_reindexed_matrix_eq_forward_add_transpose' depends on axioms: [propext, Classical.choice, Quot.sound]
'TargetA.period8_reindexed_matrix_eq_cell_matrix' depends on axioms: [propext, Classical.choice, Quot.sound]
'TargetA.period8_reindexed_matrix_mulVec' depends on axioms: [propext, Classical.choice, Quot.sound]
'TargetA.period8_reindexed_forward_operator_eq' depends on axioms: [propext, Classical.choice, Quot.sound]
'TargetA.period8_fiber_as_cell_symbol' depends on axioms: [propext, Classical.choice, Quot.sound]
'TargetA.period8_cell_dft_translation' depends on axioms: [propext, Classical.choice, Quot.sound]
'TargetA.period8_cell_dft_matrix' depends on axioms: [propext, Classical.choice, Quot.sound]
'TargetA.cellEncode_rawToFinCell' depends on axioms: [propext, Classical.choice, Quot.sound]
'TargetA.period8_reindexed_matrix_mulVec_raw' depends on axioms: [propext, Classical.choice, Quot.sound]
'TargetA.period8_fin_cell_action_to_zmod' depends on axioms: [propext, Classical.choice, Quot.sound]
'TargetA.exists_nonzero_period8_cell_dft' depends on axioms: [propext, Classical.choice, Quot.sound]
'TargetA.period8_cell_dft_action' depends on axioms: [propext, Classical.choice, Quot.sound]
'TargetA.period8_cell_eigen_dft_fiber' depends on axioms: [propext, Classical.choice, Quot.sound]
'TargetA.period8_zmod_real_eigen_square_lt_bound' depends on axioms: [propext, Classical.choice, Quot.sound]
'TargetA.period8_raw_real_eigen_square_lt_bound' depends on axioms: [propext, Classical.choice, Quot.sound]
'TargetA.period8_target_eigenvalue_square_lt_bound' depends on axioms: [propext, Classical.choice, Quot.sound]
'TargetA.period8_target_eigenvalue_beats_twisted' depends on axioms: [propext, Classical.choice, Quot.sound]
'TargetA.period8_alpha_plus_main_theorem' depends on axioms: [propext, Classical.choice, Quot.sound]
'TargetA.period8_chiral_determinant_complex' depends on axioms: [propext, Classical.choice, Quot.sound]
'TargetA.period8_unit_conj_eq_inv' depends on axioms: [propext, Classical.choice, Quot.sound]
'TargetA.period8_unit_of_pow_eq_one' depends on axioms: [propext, Classical.choice, Quot.sound]
'TargetA.period8_xi_unit_from_holonomy' depends on axioms: [propext, Classical.choice, Quot.sound]
'TargetA.period8_unit_parameter_real' depends on axioms: [propext, Classical.choice, Quot.sound]
'TargetA.period8_unit_parameter_re_le_two' depends on axioms: [propext, Classical.choice, Quot.sound]
'TargetA.period8_polynomialC_ofReal' depends on axioms: [propext, Classical.choice, Quot.sound]
'TargetA.period8_complex_root_is_real_root' depends on axioms: [propext, Classical.choice, Quot.sound]
'TargetA.period8_unit_complex_root_is_real_root' depends on axioms: [propext, Classical.choice, Quot.sound]
'TargetA.period8_unit_complex_root_lt_bound' depends on axioms: [propext, Classical.choice, Quot.sound]
'TargetA.period8_holonomy_root_lt_bound' depends on axioms: [propext, Classical.choice, Quot.sound]
'TargetA.period8_squared_chiral_block' depends on axioms: [propext, Classical.choice, Quot.sound]
'TargetA.period8_squared_block_annihilated' depends on axioms: [propext, Classical.choice, Quot.sound]
'TargetA.period8_matrix_power_on_eigenvector' depends on axioms: [propext, Classical.choice, Quot.sound]
'TargetA.period8_squared_block_eigen_root' depends on axioms: [propext, Classical.choice, Quot.sound]
'TargetA.period8_squared_block_eigen_lt_bound' depends on axioms: [propext, Classical.choice, Quot.sound]
'TargetA.period8_chiral_determinant' depends on axioms: [propext, Classical.choice, Quot.sound]
'TargetA.period8_double_lift_low' depends on axioms: [propext, Classical.choice, Quot.sound]
'TargetA.period8_double_lift_high' depends on axioms: [propext, Classical.choice, Quot.sound]
'TargetA.period8_double_lift_injective' depends on axioms: [propext, Classical.choice, Quot.sound]
'TargetA.period8_double_low_half_shift' depends on axioms: [propext, Quot.sound]
'TargetA.period8_double_high_half_shift' depends on axioms: [propext, Quot.sound]
'TargetA.period8_double_lift_antiperiodic' depends on axioms: [propext, Classical.choice, Quot.sound]
'TargetA.period8_double_same_half_next' depends on axioms: [propext, Classical.choice, Quot.sound]
'TargetA.period8_double_cross_half_next' depends on axioms: [propext, Classical.choice, Quot.sound]
'TargetA.period8_double_signed_forward_entry' depends on axioms: [propext, Classical.choice, Quot.sound]
'TargetA.period8_double_low_lift' depends on axioms: [propext, Quot.sound]
'TargetA.period8_double_high_lift' depends on axioms: [propext, Quot.sound]
'TargetA.period8_periodic_matrix_entry' depends on axioms: [propext, Quot.sound]
'TargetA.period8_double_matrix_same_blocks' depends on axioms: [propext, Classical.choice, Quot.sound]
'TargetA.period8_double_matrix_cross_blocks' depends on axioms: [propext, Classical.choice, Quot.sound]
'TargetA.period8_double_matrix_difference' depends on axioms: [propext, Classical.choice, Quot.sound]
'TargetA.period8_sum_double' depends on axioms: [propext, Classical.choice, Quot.sound]
'TargetA.period8_double_matrixC_difference' depends on axioms: [propext, Classical.choice, Quot.sound]
'TargetA.period8_double_matrixC_same_blocks' depends on axioms: [propext, Classical.choice, Quot.sound]
'TargetA.period8_double_matrixC_cross_blocks' depends on axioms: [propext, Classical.choice, Quot.sound]
'TargetA.period8_double_action_low' depends on axioms: [propext, Classical.choice, Quot.sound]
'TargetA.period8_double_action_high' depends on axioms: [propext, Classical.choice, Quot.sound]
'TargetA.period8_double_lift_intertwines' depends on axioms: [propext, Classical.choice, Quot.sound]
'TargetA.period8_double_lift_smul' depends on axioms: [propext, Classical.choice, Quot.sound]
'TargetA.period8_alpha_minus_raw_eigen_square_lt_edge' depends on axioms: [propext, Classical.choice, Quot.sound]
'TargetA.period8_alpha_minus_main_theorem' depends on axioms: [propext, Classical.choice, Quot.sound]
'TargetA.period8_finite_top_pos' depends on axioms: [propext, Classical.choice, Quot.sound]
'TargetA.period8_unit_parameter_eq_two_re' depends on axioms: [propext, Classical.choice, Quot.sound]
'TargetA.period8_alpha_minus_raw_eigen_square_le_finite_top' depends on axioms: [propext, Classical.choice, Quot.sound]
'TargetA.period8_alpha_minus_finite_radius_attained_vector' depends on axioms: [propext, Classical.choice, Quot.sound]
'TargetA.period8_hermitian_eigenvector_has_index' depends on axioms: [propext, Classical.choice, Quot.sound]
'TargetA.period8_alpha_minus_eigenvalue_square_le_finite_top' depends on axioms: [propext, Classical.choice, Quot.sound]
'TargetA.period8_alpha_minus_finite_radius_attained_index' depends on axioms: [propext, Classical.choice, Quot.sound]
'TargetA.period8_finite_radius_radical' depends on axioms: [propext, Classical.choice, Quot.sound]
'TargetA.period8_alpha_minus_exact_finite_radius' depends on axioms: [propext, Classical.choice, Quot.sound]
'TargetA.period8_polynomial_shift_identity' depends on axioms: [propext, Classical.choice, Quot.sound]
'TargetA.period8_inner_discriminant_pos' depends on axioms: [propext, Classical.choice, Quot.sound]
'TargetA.period8_inner_sqrt_ge_four' depends on axioms: [propext, Classical.choice, Quot.sound]
'TargetA.period8_top_radicand_pos' depends on axioms: [propext, Classical.choice, Quot.sound]
'TargetA.period8_top_root_gt_four' depends on axioms: [propext, Classical.choice, Quot.sound]
'TargetA.period8_top_root_is_root' depends on axioms: [propext, Classical.choice, Quot.sound]
'TargetA.period8_root_le_top_root' depends on axioms: [propext, Classical.choice, Quot.sound]
'TargetA.period8_top_radicand_strict_mono' depends on axioms: [propext, Classical.choice, Quot.sound]
'TargetA.period8_top_root_strict_mono' depends on axioms: [propext, Classical.choice, Quot.sound]
'TargetA.period8_top_root_at_two' depends on axioms: [propext, Classical.choice, Quot.sound]
'TargetA.period8_chiral_square' depends on axioms: [propext, Classical.choice, Quot.sound]
'TargetA.period8_chiral_anticommutes' depends on axioms: [propext, Classical.choice, Quot.sound]
'TargetA.period8_chiral_maps_plus_to_minus' depends on axioms: [propext, Classical.choice, Quot.sound]
'TargetA.period8_chiral_basis_left_inverse' depends on axioms: [propext, Classical.choice, Quot.sound]
'TargetA.period8_chiral_basis_right_inverse' depends on axioms: [propext, Classical.choice, Quot.sound]
'TargetA.period8_xi_mul_inv_sq' depends on axioms: [propext, Classical.choice, Quot.sound]
'TargetA.period8_inv_sq_mul_xi' depends on axioms: [propext, Classical.choice, Quot.sound]
'TargetA.period8_xi_mul_inv' depends on axioms: [propext, Classical.choice, Quot.sound]
'TargetA.period8_fiber_in_chiral_basis' depends on axioms: [propext, Classical.choice, Quot.sound]
'TargetA.period8_fiber_similar_to_chiral_coordinates' depends on axioms: [propext, Classical.choice, Quot.sound]
'TargetA.period8_complex_squared_block' depends on axioms: [propext, Classical.choice, Quot.sound]
'TargetA.period8_complex_squared_block_annihilated' depends on axioms: [propext, Classical.choice, Quot.sound]
'TargetA.period8_complex_matrix_power_on_eigenvector' depends on axioms: [propext, Classical.choice, Quot.sound]
'TargetA.period8_complex_squared_block_eigen_root' depends on axioms: [propext, Classical.choice, Quot.sound]
'TargetA.period8_top_project_embed' depends on axioms: [propext, Classical.choice, Quot.sound]
'TargetA.period8_bottom_project_embed' depends on axioms: [propext, Classical.choice, Quot.sound]
'TargetA.period8_top_project_bottom_embed' depends on axioms: [propext, Classical.choice, Quot.sound]
'TargetA.period8_bottom_project_top_embed' depends on axioms: [propext, Classical.choice, Quot.sound]
'TargetA.period8_embed_project_reconstruct' depends on axioms: [propext, Classical.choice, Quot.sound]
'TargetA.period8_chiral_top_action' depends on axioms: [propext, Classical.choice, Quot.sound]
'TargetA.period8_chiral_bottom_action' depends on axioms: [propext, Classical.choice, Quot.sound]
'TargetA.period8_chiral_coordinate_action' depends on axioms: [propext, Classical.choice, Quot.sound]
'TargetA.period8_chiral_top_equation' depends on axioms: [propext, Classical.choice, Quot.sound]
'TargetA.period8_chiral_bottom_equation' depends on axioms: [propext, Classical.choice, Quot.sound]
'TargetA.period8_chiral_top_nonzero' depends on axioms: [propext, Classical.choice, Quot.sound]
'TargetA.period8_chiral_squared_top_eigen' depends on axioms: [propext, Classical.choice, Quot.sound]
'TargetA.period8_chiral_eigen_square_root' depends on axioms: [propext, Classical.choice, Quot.sound]
'TargetA.period8_fiber_inverse_intertwines' depends on axioms: [propext, Classical.choice, Quot.sound]
'TargetA.period8_fiber_eigen_square_root' depends on axioms: [propext, Classical.choice, Quot.sound]
'TargetA.period8_fiber_polynomialC_eq' depends on axioms: [propext, Classical.choice, Quot.sound]
'TargetA.period8_fiber_real_eigen_square_lt_bound' depends on axioms: [propext, Classical.choice, Quot.sound]
'TargetA.period8_fiber_isHermitian' depends on axioms: [propext, Classical.choice, Quot.sound]
'TargetA.period8_squared_block_characteristic_det' depends on axioms: [propext, Classical.choice, Quot.sound]
'TargetA.period8_root_gives_squared_block_eigenvector' depends on axioms: [propext, Classical.choice, Quot.sound]
'TargetA.period8_squared_eigenvector_gives_chiral_eigenvector' depends on axioms: [propext,
 Classical.choice,
 Quot.sound]
'TargetA.period8_polynomial_root_gives_fiber_eigenvector' depends on axioms: [propext, Classical.choice, Quot.sound]
'TargetA.period8_unit_parameter_mem_interval' depends on axioms: [propext, Classical.choice, Quot.sound]
'TargetA.period8_unit_fiber_eigen_square_le_top' depends on axioms: [propext, Classical.choice, Quot.sound]
'TargetA.period8_unit_fiber_top_attained' depends on axioms: [propext, Classical.choice, Quot.sound]
'TargetA.period8_std_char_re' depends on axioms: [propext, Classical.choice, Quot.sound]
'TargetA.period8_nonzero_phase_re_le_first' depends on axioms: [propext, Classical.choice, Quot.sound]
'TargetA.period8_antiperiodic_phase_re_le_first' depends on axioms: [propext, Classical.choice, Quot.sound]
'TargetA.period8_first_phase_antiperiodic' depends on axioms: [propext, Classical.choice, Quot.sound]
'TargetA.period8_first_phase_re' depends on axioms: [propext, Classical.choice, Quot.sound]
'TargetA.period8_bound_positive' depends on axioms: [propext, Classical.choice, Quot.sound]
'TargetA.period8_boundary_factorization' depends on axioms: [propext, Classical.choice, Quot.sound]
'TargetA.period8_edge_is_boundary_root' depends on axioms: [propext, Classical.choice, Quot.sound]
'TargetA.period8_at_two_positive' depends on axioms: [propext, Classical.choice, Quot.sound]
'TargetA.period8_polynomial_monotone_in_flux' depends on axioms: [propext, Classical.choice, Quot.sound]
'TargetA.period8_polynomial_positive' depends on axioms: [propext, Classical.choice, Quot.sound]
'TargetA.period8_root_lt_bound' depends on axioms: [propext, Classical.choice, Quot.sound]
'TargetA.period8_cell_to_raw_right_inverse' depends on axioms: [propext, Classical.choice, Quot.sound]
'TargetA.period8_raw_to_cell_smul' depends on axioms: [propext, Classical.choice, Quot.sound]
'TargetA.period8_cell_eigen_gives_raw_periodic_eigen' depends on axioms: [propext, Classical.choice, Quot.sound]
'TargetA.period8_cell_antiperiodic_gives_raw_half_shift' depends on axioms: [propext, Classical.choice, Quot.sound]
'TargetA.period8_half_shift_is_double_lift' depends on axioms: [propext, Classical.choice, Quot.sound]
'TargetA.period8_antiperiodic_cell_eigen_gives_raw_minus_eigenvector' depends on axioms: [propext,
 Classical.choice,
 Quot.sound]
'TargetA.period8_first_plane_wave_nonzero' depends on axioms: [propext, Classical.choice, Quot.sound]
'TargetA.period8_first_plane_wave_action' depends on axioms: [propext, Classical.choice, Quot.sound]
'TargetA.period8_first_plane_wave_antiperiodic' depends on axioms: [propext, Classical.choice, Quot.sound]
'TargetA.period8_first_fiber_eigen_gives_raw_minus_eigenvector' depends on axioms: [propext,
 Classical.choice,
 Quot.sound]
'TargetA.period8_edge_lt_bound' depends on axioms: [propext, Classical.choice, Quot.sound]
'TargetA.period8_edge_ge_fifteen_halves' depends on axioms: [propext, Classical.choice, Quot.sound]
'TargetA.period8_edge_quadratic' depends on axioms: [propext, Classical.choice, Quot.sound]
'TargetA.period8_at_two_nonneg_of_edge_le' depends on axioms: [propext, Classical.choice, Quot.sound]
'TargetA.period8_at_two_pos_of_edge_lt' depends on axioms: [propext, Classical.choice, Quot.sound]
'TargetA.period8_flux_factor_pos' depends on axioms: [propext, Classical.choice, Quot.sound]
'TargetA.period8_polynomial_ge_at_two_of_edge_le' depends on axioms: [propext, Classical.choice, Quot.sound]
'TargetA.period8_polynomial_pos_of_edge_le_flux_lt' depends on axioms: [propext, Classical.choice, Quot.sound]
'TargetA.period8_root_lt_edge' depends on axioms: [propext, Classical.choice, Quot.sound]
'TargetA.period8_root_le_edge' depends on axioms: [propext, Classical.choice, Quot.sound]
'TargetA.period8_edge_root_iff' depends on axioms: [propext, Classical.choice, Quot.sound]
'TargetA.gapCharge_mod_four' depends on axioms: [propext, Quot.sound]
'TargetA.sector_after_gap' depends on axioms: [propext, Quot.sound]
'TargetA.twisted_block_symmetric' depends on axioms: [propext, Classical.choice, Quot.sound]
'TargetA.twisted_block_trace_zero' depends on axioms: [propext, Classical.choice, Quot.sound]
'TargetA.twisted_block_characteristic' depends on axioms: [propext, Classical.choice, Quot.sound]
'TargetA.sqrt_two_gt_141_over_100' depends on axioms: [propext, Classical.choice, Quot.sound]
'TargetA.sqrt_two_add_sqrt_two_gt_923_over_500' depends on axioms: [propext, Classical.choice, Quot.sound]
'TargetA.sqrt_two_add_nested_gt_1961_over_1000' depends on axioms: [propext, Classical.choice, Quot.sound]
'TargetA.twisted_at_thirty_two_gt_bound' depends on axioms: [propext, Classical.choice, Quot.sound]
'TargetA.twisted_multiple_of_eight_gt_bound' depends on axioms: [propext, Classical.choice, Quot.sound]
TargetA.period8_top_root_is_root {c : ℝ} (hcl : -2 ≤ c) (hcu : c ≤ 2) :
  TargetA.period8Polynomial (TargetA.period8TopRoot c) c = 0
TargetA.period8_top_root_strict_mono {a b : ℝ} (ha : -2 ≤ a) (hb : b ≤ 2) (hab : a < b) :
  TargetA.period8TopRoot a < TargetA.period8TopRoot b
TargetA.period8_unit_fiber_top_attained {xi : ℂ} (hunit : xi * (starRingEnd ℂ) xi = 1) :
  ∃ u, u ≠ 0 ∧ (TargetA.period8Fiber xi).mulVec u = ↑√(TargetA.period8TopRoot (xi ^ 2 + xi⁻¹ ^ 2).re) • u
TargetA.period8_antiperiodic_phase_re_le_first (L : ℕ) (hL : 0 < L) [NeZero (2 * L)] (k : ZMod (2 * L))
  (hk : ZMod.stdAddChar k ^ L = -1) : (ZMod.stdAddChar k).re ≤ Real.cos (Real.pi / ↑L)
TargetA.period8_first_phase_antiperiodic (L : ℕ) (hL : 0 < L) [NeZero (2 * L)] : ZMod.stdAddChar 1 ^ L = -1
TargetA.period8_alpha_minus_finite_radius_attained_index (L : ℕ) (hL : 0 < L) :
  ∃ i, ⋯.eigenvalues i = TargetA.period8FiniteRadius L
TargetA.period8_finite_radius_radical (L : ℕ) :
  TargetA.period8FiniteRadius L = √(4 + √(8 + 2 * Real.cos (Real.pi / ↑L) + √(26 - 6 * Real.cos (Real.pi / ↑L))))
TargetA.period8_alpha_minus_exact_finite_radius (L : ℕ) (hL : 0 < L) :
  (∀ (i : Fin (8 * L)), |⋯.eigenvalues i| ≤ TargetA.period8FiniteRadius L) ∧
    ∃ i, |⋯.eigenvalues i| = TargetA.period8FiniteRadius L
EXIT_CODE=0
END 2026-10-05T09:12:30Z
