START 2026-10-05T08:12:22Z
COMMAND: lake env lean AllAxiomAudit.lean
'TargetA.residueZero_mod' depends on axioms: [propext]
'TargetA.residueZero_even' depends on axioms: [propext]
'TargetA.residueZero_admissible' depends on axioms: [propext, Classical.choice, Quot.sound]
'TargetA.dft_cellTranslation' depends on axioms: [propext, Classical.choice, Quot.sound]
'TargetA.stdAddChar_pow_modulus' depends on axioms: [propext, Classical.choice, Quot.sound]
'TargetA.cell_reindex_forward' depends on axioms: [propext, Quot.sound]
'TargetA.cell_reindex_unindex' depends on axioms: [propext, Quot.sound]
'TargetA.cell_unindex_next_one_interior' depends on axioms: [propext, Classical.choice, Quot.sound]
'TargetA.cell_unindex_next_two_interior' depends on axioms: [propext, Classical.choice, Quot.sound]
'TargetA.cell_unindex_next_one_seam' depends on axioms: [propext, Quot.sound]
'TargetA.cell_unindex_next_two_seam_six' depends on axioms: [propext, Quot.sound]
'TargetA.cell_unindex_next_two_seam_seven' depends on axioms: [propext, Classical.choice, Quot.sound]
'TargetA.cell_unindex_next_one' depends on axioms: [propext, Classical.choice, Quot.sound]
'TargetA.cell_unindex_next_two' depends on axioms: [propext, Classical.choice, Quot.sound]
'TargetA.period8_forward_reindex_action' depends on axioms: [propext, Classical.choice, Quot.sound]
'TargetA.period8_forward_reindex_actionC' depends on axioms: [propext, Classical.choice, Quot.sound]
'TargetA.zmod_finEquiv_eq_natCast' depends on axioms: [propext, Quot.sound]
'TargetA.zmod_finEquiv_cyclic_next' depends on axioms: [propext, Quot.sound]
'TargetA.zmod_finEquiv_cyclic_prev' depends on axioms: [propext, Classical.choice, Quot.sound]
'TargetA.cell_zmod_reindex_residue' depends on axioms: [propext, Quot.sound]
'TargetA.cyclic_next_prev' depends on axioms: [propext, Classical.choice, Quot.sound]
'TargetA.cyclic_prev_next' depends on axioms: [propext, Classical.choice, Quot.sound]
'TargetA.cyclic_next_eq_iff' depends on axioms: [propext, Classical.choice, Quot.sound]
'TargetA.hamilton_gauge_matrix_eq_forward_add_transpose' depends on axioms: [propext, Quot.sound]
'TargetA.hamilton_gauge_forward_matrix_mulVec' depends on axioms: [propext, Classical.choice, Quot.sound]
'TargetA.hamilton_gauge_forward_matrixC_mulVec' depends on axioms: [propext, Classical.choice, Quot.sound]
'TargetA.hamilton_gauge_matrix_symmetric' depends on axioms: [propext, Quot.sound]
'TargetA.hamilton_gauge_matrix_zero_of_not_neighbour' depends on axioms: [propext]
'TargetA.cyclic_next_one_ne_self' depends on axioms: [propext, Quot.sound]
'TargetA.cyclic_next_two_ne_self' depends on axioms: [propext, Quot.sound]
'TargetA.cyclic_next_one_then_one' depends on axioms: [propext]
'TargetA.cyclic_next_one_ne_two' depends on axioms: [propext, Quot.sound]
'TargetA.hamilton_gauge_matrix_diagonal_zero' depends on axioms: [propext, Quot.sound]
'TargetA.period_eight_value_is_sign' depends on axioms: [propext, Quot.sound]
'TargetA.forward_step_one_is_sign' depends on axioms: [propext]
'TargetA.forward_step_two_is_sign' depends on axioms: [propext]
'TargetA.forward_step_one_periodic_holonomy' depends on axioms: [propext]
'TargetA.forward_step_two_periodic_holonomy' depends on axioms: [propext]
'TargetA.period_eight_repeat' depends on axioms: [propext, Quot.sound]
'TargetA.period8_target_lift_cell_value' depends on axioms: [propext, Quot.sound]
'TargetA.period8_target_tau_is_sign' depends on axioms: [propext, Classical.choice, Quot.sound]
'TargetA.period8_target_lift_is_sign' depends on axioms: [propext, Classical.choice, Quot.sound]
'TargetA.period8_target_lift_periodic' depends on axioms: [propext, Quot.sound]
'TargetA.period8_target_step_two_is_sign' depends on axioms: [propext, Classical.choice, Quot.sound]
'TargetA.period8_target_step_one_is_sign' depends on axioms: [propext]
'TargetA.period8_target_matrix_symmetric' depends on axioms: [propext, Quot.sound]
'TargetA.period8_target_matrix_isHermitian' depends on axioms: [propext, Classical.choice, Quot.sound]
'TargetA.period8_target_matrix_diagonal_zero' depends on axioms: [propext, Quot.sound]
'TargetA.step_one_cut_rule' does not depend on any axioms
'TargetA.step_two_cut_rule' depends on axioms: [propext]
'TargetA.step_one_no_cut' depends on axioms: [propext]
'TargetA.step_one_cut' depends on axioms: [propext]
'TargetA.step_two_no_cut' depends on axioms: [propext]
'TargetA.step_two_cut' depends on axioms: [propext]
'TargetA.period_eight_fits_multiple' depends on axioms: [propext]
'TargetA.period8_antiperiodic_parameter_re_lt_two' depends on axioms: [propext, Classical.choice, Quot.sound]
'TargetA.period8_antiperiodic_holonomy_root_lt_edge' depends on axioms: [propext, Classical.choice, Quot.sound]
'TargetA.period8_antiperiodic_fiber_eigen_square_lt_edge' depends on axioms: [propext, Classical.choice, Quot.sound]
'TargetA.period8_antiperiodic_nonzero_dft_holonomy' depends on axioms: [propext, Classical.choice, Quot.sound]
'TargetA.period8_antiperiodic_cell_eigen_square_lt_edge' depends on axioms: [propext, Classical.choice, Quot.sound]
'TargetA.period8_intra_as_forward_add_transpose' depends on axioms: [propext, Classical.choice, Quot.sound]
'TargetA.period8_backward_is_forward_transpose' depends on axioms: [propext, Classical.choice, Quot.sound]
'TargetA.period8_cell_action_fin_eq_forward_add_backward' depends on axioms: [propext, Classical.choice, Quot.sound]
'TargetA.period8_forward_cell_operator_fin_apply' depends on axioms: [propext, Classical.choice, Quot.sound]
'TargetA.period8_forward_reindex_actionC_eq_cell_operator' depends on axioms: [propext, Classical.choice, Quot.sound]
'TargetA.period8_forward_cell_matrix_fin_mulVec' depends on axioms: [propext, Classical.choice, Quot.sound]
'TargetA.period8_forward_cell_matrix_fin_transpose_mulVec' depends on axioms: [propext, Classical.choice, Quot.sound]
'TargetA.period8_cell_matrix_fin_mulVec' depends on axioms: [propext, Classical.choice, Quot.sound]
'TargetA.period8_reindexed_forward_matrix_mulVec' depends on axioms: [propext, Classical.choice, Quot.sound]
'TargetA.period8_reindexed_forward_matrix_eq_cell_matrix' depends on axioms: [propext, Classical.choice, Quot.sound]
'TargetA.period8_reindexed_matrix_eq_forward_add_transpose' depends on axioms: [propext, Classical.choice, Quot.sound]
'TargetA.period8_reindexed_matrix_eq_cell_matrix' depends on axioms: [propext, Classical.choice, Quot.sound]
'TargetA.period8_reindexed_matrix_mulVec' depends on axioms: [propext, Classical.choice, Quot.sound]
'TargetA.period8_reindexed_forward_operator_eq' depends on axioms: [propext, Classical.choice, Quot.sound]
'TargetA.period8_fiber_as_cell_symbol' depends on axioms: [propext, Classical.choice, Quot.sound]
'TargetA.period8_cell_dft_translation' depends on axioms: [propext, Classical.choice, Quot.sound]
'TargetA.period8_cell_dft_matrix' depends on axioms: [propext, Classical.choice, Quot.sound]
'TargetA.cellEncode_rawToFinCell' depends on axioms: [propext, Classical.choice, Quot.sound]
'TargetA.period8_reindexed_matrix_mulVec_raw' depends on axioms: [propext, Classical.choice, Quot.sound]
'TargetA.period8_fin_cell_action_to_zmod' depends on axioms: [propext, Classical.choice, Quot.sound]
'TargetA.exists_nonzero_period8_cell_dft' depends on axioms: [propext, Classical.choice, Quot.sound]
'TargetA.period8_cell_dft_action' depends on axioms: [propext, Classical.choice, Quot.sound]
'TargetA.period8_cell_eigen_dft_fiber' depends on axioms: [propext, Classical.choice, Quot.sound]
'TargetA.period8_zmod_real_eigen_square_lt_bound' depends on axioms: [propext, Classical.choice, Quot.sound]
'TargetA.period8_raw_real_eigen_square_lt_bound' depends on axioms: [propext, Classical.choice, Quot.sound]
'TargetA.period8_target_eigenvalue_square_lt_bound' depends on axioms: [propext, Classical.choice, Quot.sound]
'TargetA.period8_target_eigenvalue_beats_twisted' depends on axioms: [propext, Classical.choice, Quot.sound]
'TargetA.period8_alpha_plus_main_theorem' depends on axioms: [propext, Classical.choice, Quot.sound]
'TargetA.period8_chiral_determinant_complex' depends on axioms: [propext, Classical.choice, Quot.sound]
'TargetA.period8_unit_conj_eq_inv' depends on axioms: [propext, Classical.choice, Quot.sound]
'TargetA.period8_unit_of_pow_eq_one' depends on axioms: [propext, Classical.choice, Quot.sound]
'TargetA.period8_xi_unit_from_holonomy' depends on axioms: [propext, Classical.choice, Quot.sound]
'TargetA.period8_unit_parameter_real' depends on axioms: [propext, Classical.choice, Quot.sound]
'TargetA.period8_unit_parameter_re_le_two' depends on axioms: [propext, Classical.choice, Quot.sound]
'TargetA.period8_polynomialC_ofReal' depends on axioms: [propext, Classical.choice, Quot.sound]
'TargetA.period8_complex_root_is_real_root' depends on axioms: [propext, Classical.choice, Quot.sound]
'TargetA.period8_unit_complex_root_is_real_root' depends on axioms: [propext, Classical.choice, Quot.sound]
'TargetA.period8_unit_complex_root_lt_bound' depends on axioms: [propext, Classical.choice, Quot.sound]
'TargetA.period8_holonomy_root_lt_bound' depends on axioms: [propext, Classical.choice, Quot.sound]
'TargetA.period8_squared_chiral_block' depends on axioms: [propext, Classical.choice, Quot.sound]
'TargetA.period8_squared_block_annihilated' depends on axioms: [propext, Classical.choice, Quot.sound]
'TargetA.period8_matrix_power_on_eigenvector' depends on axioms: [propext, Classical.choice, Quot.sound]
'TargetA.period8_squared_block_eigen_root' depends on axioms: [propext, Classical.choice, Quot.sound]
'TargetA.period8_squared_block_eigen_lt_bound' depends on axioms: [propext, Classical.choice, Quot.sound]
'TargetA.period8_chiral_determinant' depends on axioms: [propext, Classical.choice, Quot.sound]
'TargetA.period8_chiral_square' depends on axioms: [propext, Classical.choice, Quot.sound]
'TargetA.period8_chiral_anticommutes' depends on axioms: [propext, Classical.choice, Quot.sound]
'TargetA.period8_chiral_maps_plus_to_minus' depends on axioms: [propext, Classical.choice, Quot.sound]
'TargetA.period8_chiral_basis_left_inverse' depends on axioms: [propext, Classical.choice, Quot.sound]
'TargetA.period8_chiral_basis_right_inverse' depends on axioms: [propext, Classical.choice, Quot.sound]
'TargetA.period8_xi_mul_inv_sq' depends on axioms: [propext, Classical.choice, Quot.sound]
'TargetA.period8_inv_sq_mul_xi' depends on axioms: [propext, Classical.choice, Quot.sound]
'TargetA.period8_xi_mul_inv' depends on axioms: [propext, Classical.choice, Quot.sound]
'TargetA.period8_fiber_in_chiral_basis' depends on axioms: [propext, Classical.choice, Quot.sound]
'TargetA.period8_fiber_similar_to_chiral_coordinates' depends on axioms: [propext, Classical.choice, Quot.sound]
'TargetA.period8_complex_squared_block' depends on axioms: [propext, Classical.choice, Quot.sound]
'TargetA.period8_complex_squared_block_annihilated' depends on axioms: [propext, Classical.choice, Quot.sound]
'TargetA.period8_complex_matrix_power_on_eigenvector' depends on axioms: [propext, Classical.choice, Quot.sound]
'TargetA.period8_complex_squared_block_eigen_root' depends on axioms: [propext, Classical.choice, Quot.sound]
'TargetA.period8_top_project_embed' depends on axioms: [propext, Classical.choice, Quot.sound]
'TargetA.period8_bottom_project_embed' depends on axioms: [propext, Classical.choice, Quot.sound]
'TargetA.period8_top_project_bottom_embed' depends on axioms: [propext, Classical.choice, Quot.sound]
'TargetA.period8_bottom_project_top_embed' depends on axioms: [propext, Classical.choice, Quot.sound]
'TargetA.period8_embed_project_reconstruct' depends on axioms: [propext, Classical.choice, Quot.sound]
'TargetA.period8_chiral_top_action' depends on axioms: [propext, Classical.choice, Quot.sound]
'TargetA.period8_chiral_bottom_action' depends on axioms: [propext, Classical.choice, Quot.sound]
'TargetA.period8_chiral_coordinate_action' depends on axioms: [propext, Classical.choice, Quot.sound]
'TargetA.period8_chiral_top_equation' depends on axioms: [propext, Classical.choice, Quot.sound]
'TargetA.period8_chiral_bottom_equation' depends on axioms: [propext, Classical.choice, Quot.sound]
'TargetA.period8_chiral_top_nonzero' depends on axioms: [propext, Classical.choice, Quot.sound]
'TargetA.period8_chiral_squared_top_eigen' depends on axioms: [propext, Classical.choice, Quot.sound]
'TargetA.period8_chiral_eigen_square_root' depends on axioms: [propext, Classical.choice, Quot.sound]
'TargetA.period8_fiber_inverse_intertwines' depends on axioms: [propext, Classical.choice, Quot.sound]
'TargetA.period8_fiber_eigen_square_root' depends on axioms: [propext, Classical.choice, Quot.sound]
'TargetA.period8_fiber_polynomialC_eq' depends on axioms: [propext, Classical.choice, Quot.sound]
'TargetA.period8_fiber_real_eigen_square_lt_bound' depends on axioms: [propext, Classical.choice, Quot.sound]
'TargetA.period8_fiber_isHermitian' depends on axioms: [propext, Classical.choice, Quot.sound]
'TargetA.period8_bound_positive' depends on axioms: [propext, Classical.choice, Quot.sound]
'TargetA.period8_boundary_factorization' depends on axioms: [propext, Classical.choice, Quot.sound]
'TargetA.period8_edge_is_boundary_root' depends on axioms: [propext, Classical.choice, Quot.sound]
'TargetA.period8_at_two_positive' depends on axioms: [propext, Classical.choice, Quot.sound]
'TargetA.period8_polynomial_monotone_in_flux' depends on axioms: [propext, Classical.choice, Quot.sound]
'TargetA.period8_polynomial_positive' depends on axioms: [propext, Classical.choice, Quot.sound]
'TargetA.period8_root_lt_bound' depends on axioms: [propext, Classical.choice, Quot.sound]
'TargetA.period8_edge_lt_bound' depends on axioms: [propext, Classical.choice, Quot.sound]
'TargetA.period8_edge_ge_fifteen_halves' depends on axioms: [propext, Classical.choice, Quot.sound]
'TargetA.period8_edge_quadratic' depends on axioms: [propext, Classical.choice, Quot.sound]
'TargetA.period8_at_two_nonneg_of_edge_le' depends on axioms: [propext, Classical.choice, Quot.sound]
'TargetA.period8_at_two_pos_of_edge_lt' depends on axioms: [propext, Classical.choice, Quot.sound]
'TargetA.period8_flux_factor_pos' depends on axioms: [propext, Classical.choice, Quot.sound]
'TargetA.period8_polynomial_ge_at_two_of_edge_le' depends on axioms: [propext, Classical.choice, Quot.sound]
'TargetA.period8_polynomial_pos_of_edge_le_flux_lt' depends on axioms: [propext, Classical.choice, Quot.sound]
'TargetA.period8_root_lt_edge' depends on axioms: [propext, Classical.choice, Quot.sound]
'TargetA.period8_root_le_edge' depends on axioms: [propext, Classical.choice, Quot.sound]
'TargetA.period8_edge_root_iff' depends on axioms: [propext, Classical.choice, Quot.sound]
'TargetA.gapCharge_mod_four' depends on axioms: [propext, Quot.sound]
'TargetA.sector_after_gap' depends on axioms: [propext, Quot.sound]
'TargetA.twisted_block_symmetric' depends on axioms: [propext, Classical.choice, Quot.sound]
'TargetA.twisted_block_trace_zero' depends on axioms: [propext, Classical.choice, Quot.sound]
'TargetA.twisted_block_characteristic' depends on axioms: [propext, Classical.choice, Quot.sound]
'TargetA.sqrt_two_gt_141_over_100' depends on axioms: [propext, Classical.choice, Quot.sound]
'TargetA.sqrt_two_add_sqrt_two_gt_923_over_500' depends on axioms: [propext, Classical.choice, Quot.sound]
'TargetA.sqrt_two_add_nested_gt_1961_over_1000' depends on axioms: [propext, Classical.choice, Quot.sound]
'TargetA.twisted_at_thirty_two_gt_bound' depends on axioms: [propext, Classical.choice, Quot.sound]
'TargetA.twisted_multiple_of_eight_gt_bound' depends on axioms: [propext, Classical.choice, Quot.sound]
EXIT_CODE=0
END 2026-10-05T08:13:01Z
