START 2026-10-05T07:58:27Z
COMMAND: lake build TargetA.AllTheorems
✔ [8706/8716] Built TargetA.Definitions (227s)
✔ [8707/8716] Built TargetA.PhaseSlip (227s)
✔ [8708/8716] Built TargetA.TwistedBlock (227s)
✔ [8709/8716] Built TargetA.Period8Polynomial (227s)
✔ [8710/8716] Built TargetA.HamiltonGauge (228s)
✔ [8711/8716] Built TargetA.TwistedThreshold (101s)
⚠ [8712/8716] Built TargetA.FiniteBloch (101s)
warning: TargetA/FiniteBloch.lean:220:54: Variable name `hL` is not explicitly referenced.

Hint: The binding can be removed (if unused) or named `_` (if used implicitly). Alternatively, prefix the name with `_` to silence this warning:
  [apply] _hL

Note: This linter can be disabled with `set_option linter.unusedVariables false`
⚠ [8713/8716] Built TargetA.Period8ChiralBlock (161s)
warning: TargetA/Period8ChiralBlock.lean:168:21: Used `tac1 <;> tac2` where `(tac1; tac2)` would suffice

Note: This linter can be disabled with `set_option linter.unnecessarySeqFocus false`
warning: TargetA/Period8ChiralBlock.lean:181:21: Used `tac1 <;> tac2` where `(tac1; tac2)` would suffice

Note: This linter can be disabled with `set_option linter.unnecessarySeqFocus false`
⚠ [8714/8716] Built TargetA.Period8Fiber (194s)
warning: TargetA/Period8Fiber.lean:42:29: Used `tac1 <;> tac2` where `(tac1; tac2)` would suffice

Note: This linter can be disabled with `set_option linter.unnecessarySeqFocus false`
warning: TargetA/Period8Fiber.lean:99:57: This simp argument is unused:
  hxi

Hint: Omit it from the simp argument list.
  [apply] simp [period8ChiralBasisInverse, period8ChiralBasis]

Note: This linter can be disabled with `set_option linter.unusedSimpArgs false`
warning: TargetA/Period8Fiber.lean:100:29: Used `tac1 <;> tac2` where `(tac1; tac2)` would suffice

Note: This linter can be disabled with `set_option linter.unnecessarySeqFocus false`
warning: TargetA/Period8Fiber.lean:109:29: Used `tac1 <;> tac2` where `(tac1; tac2)` would suffice

Note: This linter can be disabled with `set_option linter.unnecessarySeqFocus false`
info: TargetA/Period8Fiber.lean:136:16: Try this:
  [apply] ring_nf
  
  The `ring` tactic failed to close the goal. Use `ring_nf` to obtain a normal form.
    
  Note that `ring` works primarily in *commutative* rings. If you have a noncommutative ring, abelian group or module, consider using `noncomm_ring`, `abel` or `module` instead.
info: TargetA/Period8Fiber.lean:136:16: Try this:
  [apply] ring_nf
  
  The `ring` tactic failed to close the goal. Use `ring_nf` to obtain a normal form.
    
  Note that `ring` works primarily in *commutative* rings. If you have a noncommutative ring, abelian group or module, consider using `noncomm_ring`, `abel` or `module` instead.
info: TargetA/Period8Fiber.lean:136:16: Try this:
  [apply] ring_nf
  
  The `ring` tactic failed to close the goal. Use `ring_nf` to obtain a normal form.
    
  Note that `ring` works primarily in *commutative* rings. If you have a noncommutative ring, abelian group or module, consider using `noncomm_ring`, `abel` or `module` instead.
info: TargetA/Period8Fiber.lean:136:16: Try this:
  [apply] ring_nf
  
  The `ring` tactic failed to close the goal. Use `ring_nf` to obtain a normal form.
    
  Note that `ring` works primarily in *commutative* rings. If you have a noncommutative ring, abelian group or module, consider using `noncomm_ring`, `abel` or `module` instead.
warning: TargetA/Period8Fiber.lean:186:29: Used `tac1 <;> tac2` where `(tac1; tac2)` would suffice

Note: This linter can be disabled with `set_option linter.unnecessarySeqFocus false`
warning: TargetA/Period8Fiber.lean:202:29: Used `tac1 <;> tac2` where `(tac1; tac2)` would suffice

Note: This linter can be disabled with `set_option linter.unnecessarySeqFocus false`
warning: TargetA/Period8Fiber.lean:267:60: This simp argument is unused:
  Matrix.vecHead

Hint: Omit it from the simp argument list.
  [apply] simp [period8TopProject, period8TopEmbed, Matrix.vecTail]

Note: This linter can be disabled with `set_option linter.unusedSimpArgs false`
warning: TargetA/Period8Fiber.lean:268:4: This simp argument is unused:
  Matrix.vecTail

Hint: Omit it from the simp argument list.
  [apply] simp [period8TopProject, period8TopEmbed, Matrix.vecHead]

Note: This linter can be disabled with `set_option linter.unusedSimpArgs false`
warning: TargetA/Period8Fiber.lean:273:66: This simp argument is unused:
  Matrix.vecHead

Hint: Omit it from the simp argument list.
  [apply] simp [period8BottomProject, period8BottomEmbed, Matrix.vecTail]

Note: This linter can be disabled with `set_option linter.unusedSimpArgs false`
warning: TargetA/Period8Fiber.lean:274:4: This simp argument is unused:
  Matrix.vecTail

Hint: Omit it from the simp argument list.
  [apply] simp [period8BottomProject, period8BottomEmbed, Matrix.vecHead]

Note: This linter can be disabled with `set_option linter.unusedSimpArgs false`
warning: TargetA/Period8Fiber.lean:279:63: This simp argument is unused:
  Matrix.vecHead

Hint: Omit it from the simp argument list.
  [apply] simp [period8TopProject, period8BottomEmbed, Matrix.vecTail]

Note: This linter can be disabled with `set_option linter.unusedSimpArgs false`
warning: TargetA/Period8Fiber.lean:280:4: This simp argument is unused:
  Matrix.vecTail

Hint: Omit it from the simp argument list.
  [apply] simp [period8TopProject, period8BottomEmbed, Matrix.vecHead]

Note: This linter can be disabled with `set_option linter.unusedSimpArgs false`
warning: TargetA/Period8Fiber.lean:285:63: This simp argument is unused:
  Matrix.vecHead

Hint: Omit it from the simp argument list.
  [apply] simp [period8BottomProject, period8TopEmbed, Matrix.vecTail]

Note: This linter can be disabled with `set_option linter.unusedSimpArgs false`
warning: TargetA/Period8Fiber.lean:286:4: This simp argument is unused:
  Matrix.vecTail

Hint: Omit it from the simp argument list.
  [apply] simp [period8BottomProject, period8TopEmbed, Matrix.vecHead]

Note: This linter can be disabled with `set_option linter.unusedSimpArgs false`
warning: TargetA/Period8Fiber.lean:293:45: This simp argument is unused:
  Matrix.vecHead

Hint: Omit it from the simp argument list.
  [apply] simp [period8TopEmbed, period8BottomEmbed, period8TopProject, period8BottomProject, Matrix.vecTail]

Note: This linter can be disabled with `set_option linter.unusedSimpArgs false`
warning: TargetA/Period8Fiber.lean:293:61: This simp argument is unused:
  Matrix.vecTail

Hint: Omit it from the simp argument list.
  [apply] simp [period8TopEmbed, period8BottomEmbed, period8TopProject, period8BottomProject, Matrix.vecHead]

Note: This linter can be disabled with `set_option linter.unusedSimpArgs false`
warning: TargetA/Period8Fiber.lean:412:30: This simp argument is unused:
  mul_comm

Hint: Omit it from the simp argument list.
  [apply] simp [pow_two, smul_smul]

Note: This linter can be disabled with `set_option linter.unusedSimpArgs false`
⚠ [8715/8716] Built TargetA.Period8BlochAction (61s)
warning: TargetA/Period8BlochAction.lean:430:10: try 'simp' instead of 'simpa'

Note: This linter can be disabled with `set_option linter.unnecessarySimpa false`
warning: TargetA/Period8BlochAction.lean:455:2: Try this: 
  haveI̵

The goal is a proposition, so `have` is preferred over `haveI`.
The difference between `have` and `haveI` is that `haveI` inlines the value.
But this is not relevant for proofs because of proof irrelevance.

Note: This linter can be disabled with `set_option linter.style.haveILetI false`
✔ [8716/8716] Built TargetA.AllTheorems (44s)
Build completed successfully (8716 jobs).
EXIT_CODE=0
END 2026-10-05T08:10:04Z
