START 2026-10-05T09:17:24Z
COMMAND: lake build TargetA.Period8ConjectureConstant
⚠ [8707/8722] Replayed TargetA.Period8ChiralBlock
warning: TargetA/Period8ChiralBlock.lean:168:21: Used `tac1 <;> tac2` where `(tac1; tac2)` would suffice

Note: This linter can be disabled with `set_option linter.unnecessarySeqFocus false`
warning: TargetA/Period8ChiralBlock.lean:181:21: Used `tac1 <;> tac2` where `(tac1; tac2)` would suffice

Note: This linter can be disabled with `set_option linter.unnecessarySeqFocus false`
⚠ [8708/8722] Replayed TargetA.Period8Fiber
warning: TargetA/Period8Fiber.lean:42:29: Used `tac1 <;> tac2` where `(tac1; tac2)` would suffice

Note: This linter can be disabled with `set_option linter.unnecessarySeqFocus false`
warning: TargetA/Period8Fiber.lean:99:57: This simp argument is unused:
  hxi

Hint: Omit it from the simp argument list.
  [apply] simp [period8ChiralBasisInverse, period8ChiralBasis]

Note: This linter can be disabled with `set_option linter.unusedSimpArgs false`
warning: TargetA/Period8Fiber.lean:100:29: Used `tac1 <;> tac2` where `(tac1; tac2)` would suffice

Note: This linter can be disabled with `set_option linter.unnecessarySeqFocus false`
warning: TargetA/Period8Fiber.lean:109:29: Used `tac1 <;> tac2` where `(tac1; tac2)` would suffice

Note: This linter can be disabled with `set_option linter.unnecessarySeqFocus false`
info: TargetA/Period8Fiber.lean:136:16: Try this:
  [apply] ring_nf
  
  The `ring` tactic failed to close the goal. Use `ring_nf` to obtain a normal form.
    
  Note that `ring` works primarily in *commutative* rings. If you have a noncommutative ring, abelian group or module, consider using `noncomm_ring`, `abel` or `module` instead.
info: TargetA/Period8Fiber.lean:136:16: Try this:
  [apply] ring_nf
  
  The `ring` tactic failed to close the goal. Use `ring_nf` to obtain a normal form.
    
  Note that `ring` works primarily in *commutative* rings. If you have a noncommutative ring, abelian group or module, consider using `noncomm_ring`, `abel` or `module` instead.
info: TargetA/Period8Fiber.lean:136:16: Try this:
  [apply] ring_nf
  
  The `ring` tactic failed to close the goal. Use `ring_nf` to obtain a normal form.
    
  Note that `ring` works primarily in *commutative* rings. If you have a noncommutative ring, abelian group or module, consider using `noncomm_ring`, `abel` or `module` instead.
info: TargetA/Period8Fiber.lean:136:16: Try this:
  [apply] ring_nf
  
  The `ring` tactic failed to close the goal. Use `ring_nf` to obtain a normal form.
    
  Note that `ring` works primarily in *commutative* rings. If you have a noncommutative ring, abelian group or module, consider using `noncomm_ring`, `abel` or `module` instead.
warning: TargetA/Period8Fiber.lean:186:29: Used `tac1 <;> tac2` where `(tac1; tac2)` would suffice

Note: This linter can be disabled with `set_option linter.unnecessarySeqFocus false`
warning: TargetA/Period8Fiber.lean:202:29: Used `tac1 <;> tac2` where `(tac1; tac2)` would suffice

Note: This linter can be disabled with `set_option linter.unnecessarySeqFocus false`
warning: TargetA/Period8Fiber.lean:267:60: This simp argument is unused:
  Matrix.vecHead

Hint: Omit it from the simp argument list.
  [apply] simp [period8TopProject, period8TopEmbed, Matrix.vecTail]

Note: This linter can be disabled with `set_option linter.unusedSimpArgs false`
warning: TargetA/Period8Fiber.lean:268:4: This simp argument is unused:
  Matrix.vecTail

Hint: Omit it from the simp argument list.
  [apply] simp [period8TopProject, period8TopEmbed, Matrix.vecHead]

Note: This linter can be disabled with `set_option linter.unusedSimpArgs false`
warning: TargetA/Period8Fiber.lean:273:66: This simp argument is unused:
  Matrix.vecHead

Hint: Omit it from the simp argument list.
  [apply] simp [period8BottomProject, period8BottomEmbed, Matrix.vecTail]

Note: This linter can be disabled with `set_option linter.unusedSimpArgs false`
warning: TargetA/Period8Fiber.lean:274:4: This simp argument is unused:
  Matrix.vecTail

Hint: Omit it from the simp argument list.
  [apply] simp [period8BottomProject, period8BottomEmbed, Matrix.vecHead]

Note: This linter can be disabled with `set_option linter.unusedSimpArgs false`
warning: TargetA/Period8Fiber.lean:279:63: This simp argument is unused:
  Matrix.vecHead

Hint: Omit it from the simp argument list.
  [apply] simp [period8TopProject, period8BottomEmbed, Matrix.vecTail]

Note: This linter can be disabled with `set_option linter.unusedSimpArgs false`
warning: TargetA/Period8Fiber.lean:280:4: This simp argument is unused:
  Matrix.vecTail

Hint: Omit it from the simp argument list.
  [apply] simp [period8TopProject, period8BottomEmbed, Matrix.vecHead]

Note: This linter can be disabled with `set_option linter.unusedSimpArgs false`
warning: TargetA/Period8Fiber.lean:285:63: This simp argument is unused:
  Matrix.vecHead

Hint: Omit it from the simp argument list.
  [apply] simp [period8BottomProject, period8TopEmbed, Matrix.vecTail]

Note: This linter can be disabled with `set_option linter.unusedSimpArgs false`
warning: TargetA/Period8Fiber.lean:286:4: This simp argument is unused:
  Matrix.vecTail

Hint: Omit it from the simp argument list.
  [apply] simp [period8BottomProject, period8TopEmbed, Matrix.vecHead]

Note: This linter can be disabled with `set_option linter.unusedSimpArgs false`
warning: TargetA/Period8Fiber.lean:293:45: This simp argument is unused:
  Matrix.vecHead

Hint: Omit it from the simp argument list.
  [apply] simp [period8TopEmbed, period8BottomEmbed, period8TopProject, period8BottomProject, Matrix.vecTail]

Note: This linter can be disabled with `set_option linter.unusedSimpArgs false`
warning: TargetA/Period8Fiber.lean:293:61: This simp argument is unused:
  Matrix.vecTail

Hint: Omit it from the simp argument list.
  [apply] simp [period8TopEmbed, period8BottomEmbed, period8TopProject, period8BottomProject, Matrix.vecHead]

Note: This linter can be disabled with `set_option linter.unusedSimpArgs false`
warning: TargetA/Period8Fiber.lean:412:30: This simp argument is unused:
  mul_comm

Hint: Omit it from the simp argument list.
  [apply] simp [pow_two, smul_smul]

Note: This linter can be disabled with `set_option linter.unusedSimpArgs false`
⚠ [8711/8722] Replayed TargetA.Period8FiberAttainment
warning: TargetA/Period8FiberAttainment.lean:19:70: This simp argument is unused:
  Matrix.one_apply

Hint: Omit it from the simp argument list.
  [apply] simp [period8ComplexSquaredBlock]

Note: This linter can be disabled with `set_option linter.unusedSimpArgs false`
warning: TargetA/Period8FiberAttainment.lean:69:53: This simp argument is unused:
  smul_smul

Hint: Omit it from the simp argument list.
  [apply] simp [w, b, period8TopEmbed, period8BottomEmbed, Pi.smul_apply]

Note: This linter can be disabled with `set_option linter.unusedSimpArgs false`
warning: TargetA/Period8FiberAttainment.lean:70:37: this tactic is never executed

Note: This linter can be disabled with `set_option linter.unreachableTactic false`
warning: TargetA/Period8FiberAttainment.lean:70:37: Unused tactic linter: `ring` does nothing

Note: This linter can be disabled with `set_option linter.unusedTactic false`
⚠ [8713/8722] Replayed TargetA.FiniteBloch
warning: TargetA/FiniteBloch.lean:220:54: Variable name `hL` is not explicitly referenced.

Hint: The binding can be removed (if unused) or named `_` (if used implicitly). Alternatively, prefix the name with `_` to silence this warning:
  [apply] _hL

Note: This linter can be disabled with `set_option linter.unusedVariables false`
⚠ [8715/8722] Replayed TargetA.Period8BlochAction
warning: TargetA/Period8BlochAction.lean:430:10: try 'simp' instead of 'simpa'

Note: This linter can be disabled with `set_option linter.unnecessarySimpa false`
warning: TargetA/Period8BlochAction.lean:455:2: Try this: 
  haveI̵

The goal is a proposition, so `have` is preferred over `haveI`.
The difference between `have` and `haveI` is that `haveI` inlines the value.
But this is not relevant for proofs because of proof irrelevance.

Note: This linter can be disabled with `set_option linter.style.haveILetI false`
⚠ [8717/8722] Replayed TargetA.Period8PhaseMaximum
warning: TargetA/Period8PhaseMaximum.lean:34:19: this tactic is never executed

Note: This linter can be disabled with `set_option linter.unreachableTactic false`
warning: TargetA/Period8PhaseMaximum.lean:34:19: Unused tactic linter: `ring` does nothing

Note: This linter can be disabled with `set_option linter.unusedTactic false`
warning: TargetA/Period8PhaseMaximum.lean:82:25: this tactic is never executed

Note: This linter can be disabled with `set_option linter.unreachableTactic false`
warning: TargetA/Period8PhaseMaximum.lean:82:25: Unused tactic linter: `ring` does nothing

Note: This linter can be disabled with `set_option linter.unusedTactic false`
warning: TargetA/Period8PhaseMaximum.lean:94:17: this tactic is never executed

Note: This linter can be disabled with `set_option linter.unreachableTactic false`
warning: TargetA/Period8PhaseMaximum.lean:94:17: Unused tactic linter: `ring` does nothing

Note: This linter can be disabled with `set_option linter.unusedTactic false`
⚠ [8718/8722] Replayed TargetA.Period8AntiperiodicBridge
warning: TargetA/Period8AntiperiodicBridge.lean:63:2: Try this: 
  letI̵

The goal is a proposition, so `let` is preferred over `letI`.
The difference between `let` and `letI` is that `letI` inlines the value.
But this is not relevant for proofs because of proof irrelevance.

Note: This linter can be disabled with `set_option linter.style.haveILetI false`
warning: TargetA/Period8AntiperiodicBridge.lean:83:2: Try this: 
  letI̵

The goal is a proposition, so `let` is preferred over `letI`.
The difference between `let` and `letI` is that `letI` inlines the value.
But this is not relevant for proofs because of proof irrelevance.

Note: This linter can be disabled with `set_option linter.style.haveILetI false`
⚠ [8719/8722] Replayed TargetA.Period8DoubleCover
warning: TargetA/Period8DoubleCover.lean:53:47: Variable name `hL` is not explicitly referenced.

Hint: The binding can be removed (if unused) or named `_` (if used implicitly). Alternatively, prefix the name with `_` to silence this warning:
  [apply] _hL

Note: This linter can be disabled with `set_option linter.unusedVariables false`
warning: TargetA/Period8DoubleCover.lean:61:48: Variable name `hL` is not explicitly referenced.

Hint: The binding can be removed (if unused) or named `_` (if used implicitly). Alternatively, prefix the name with `_` to silence this warning:
  [apply] _hL

Note: This linter can be disabled with `set_option linter.unusedVariables false`
warning: TargetA/Period8DoubleCover.lean:85:47: Variable name `hL` is not explicitly referenced.

Hint: The binding can be removed (if unused) or named `_` (if used implicitly). Alternatively, prefix the name with `_` to silence this warning:
  [apply] _hL

Note: This linter can be disabled with `set_option linter.unusedVariables false`
warning: TargetA/Period8DoubleCover.lean:100:48: Variable name `hL` is not explicitly referenced.

Hint: The binding can be removed (if unused) or named `_` (if used implicitly). Alternatively, prefix the name with `_` to silence this warning:
  [apply] _hL

Note: This linter can be disabled with `set_option linter.unusedVariables false`
warning: TargetA/Period8DoubleCover.lean:115:53: Variable name `hL` is not explicitly referenced.

Hint: The binding can be removed (if unused) or named `_` (if used implicitly). Alternatively, prefix the name with `_` to silence this warning:
  [apply] _hL

Note: This linter can be disabled with `set_option linter.unusedVariables false`
⚠ [8720/8722] Replayed TargetA.Period8ReverseBloch
warning: TargetA/Period8ReverseBloch.lean:145:33: This simp argument is unused:
  smul_smul

Hint: Omit it from the simp argument list.
  [apply] simp [period8FirstPlaneWave, mul_comm, mul_assoc]

Note: This linter can be disabled with `set_option linter.unusedSimpArgs false`
⚠ [8721/8722] Replayed TargetA.Period8ExactFiniteRadius
warning: TargetA/Period8ExactFiniteRadius.lean:33:2: Try this: 
  letI̵

The goal is a proposition, so `let` is preferred over `letI`.
The difference between `let` and `letI` is that `letI` inlines the value.
But this is not relevant for proofs because of proof irrelevance.

Note: This linter can be disabled with `set_option linter.style.haveILetI false`
warning: TargetA/Period8ExactFiniteRadius.lean:82:2: Try this: 
  letI̵

The goal is a proposition, so `let` is preferred over `letI`.
The difference between `let` and `letI` is that `letI` inlines the value.
But this is not relevant for proofs because of proof irrelevance.

Note: This linter can be disabled with `set_option linter.style.haveILetI false`
warning: TargetA/Period8ExactFiniteRadius.lean:108:52: This simp argument is unused:
  Matrix.one_apply

Hint: Omit it from the simp argument list.
  [apply] simp [Matrix.scalar, hij]

Note: This linter can be disabled with `set_option linter.unusedSimpArgs false`
✔ [8722/8722] Built TargetA.Period8ConjectureConstant (82s)
Build completed successfully (8722 jobs).
EXIT_CODE=0
END 2026-10-05T09:19:13Z
